[     280ms] [INFO] %cDownload the React DevTools for a better development experience: https://react.dev/link/react-devtools font-weight:bold @ http://localhost:3000/_next/static/chunks/node_modules_next_dist_115brz8._.js:2431
[     339ms] [LOG] [HMR] connected @ http://localhost:3000/_next/static/chunks/node_modules_next_dist_115brz8._.js:2431
[     499ms] [LOG] [Fast Refresh] rebuilding @ http://localhost:3000/_next/static/chunks/node_modules_next_dist_115brz8._.js:2431
[     657ms] [LOG] [Fast Refresh] done in 298ms @ http://localhost:3000/_next/static/chunks/node_modules_next_dist_115brz8._.js:2431
[    1040ms] [WARNING] Image with src "/images/eyewear-brochure-meeting-2022-1.jpg" was detected as the Largest Contentful Paint (LCP). Please add the `loading="eager"` property if this image is above the fold.
Read more: https://nextjs.org/docs/app/api-reference/components/image#loading @ http://localhost:3000/_next/static/chunks/node_modules_next_dist_115brz8._.js:2431
[ 1229174ms] [LOG] [Fast Refresh] rebuilding @ http://localhost:3000/_next/static/chunks/node_modules_next_dist_115brz8._.js:2431
[ 1229188ms] [LOG] [Fast Refresh] done in 123ms @ http://localhost:3000/_next/static/chunks/node_modules_next_dist_115brz8._.js:2431
[ 1229537ms] [LOG] [Fast Refresh] rebuilding @ http://localhost:3000/_next/static/chunks/node_modules_next_dist_115brz8._.js:2431
[ 1229698ms] [LOG] [Fast Refresh] done in 264ms @ http://localhost:3000/_next/static/chunks/node_modules_next_dist_115brz8._.js:2431
[ 3456042ms] [ERROR] WebSocket connection to 'ws://localhost:3000/_next/webpack-hmr?id=cTWnNf5wXY915qHFZM9zH' failed: Error in connection establishment: net::ERR_CONNECTION_REFUSED @ http://localhost:3000/_next/static/chunks/node_modules_next_dist_client_0fhqo1d._.js:13299
[ 3457047ms] [ERROR] WebSocket connection to 'ws://localhost:3000/_next/webpack-hmr?id=cTWnNf5wXY915qHFZM9zH' failed: Error in connection establishment: net::ERR_CONNECTION_REFUSED @ http://localhost:3000/_next/static/chunks/node_modules_next_dist_client_0fhqo1d._.js:13299
[ 3458050ms] [ERROR] WebSocket connection to 'ws://localhost:3000/_next/webpack-hmr?id=cTWnNf5wXY915qHFZM9zH' failed: Error in connection establishment: net::ERR_CONNECTION_REFUSED @ http://localhost:3000/_next/static/chunks/node_modules_next_dist_client_0fhqo1d._.js:13299
[ 3459053ms] [ERROR] WebSocket connection to 'ws://localhost:3000/_next/webpack-hmr?id=cTWnNf5wXY915qHFZM9zH' failed: Error in connection establishment: net::ERR_CONNECTION_REFUSED @ http://localhost:3000/_next/static/chunks/node_modules_next_dist_client_0fhqo1d._.js:13299
[ 3460059ms] [ERROR] WebSocket connection to 'ws://localhost:3000/_next/webpack-hmr?id=cTWnNf5wXY915qHFZM9zH' failed: Error in connection establishment: net::ERR_CONNECTION_REFUSED @ http://localhost:3000/_next/static/chunks/node_modules_next_dist_client_0fhqo1d._.js:13299
[ 3465067ms] [ERROR] WebSocket connection to 'ws://localhost:3000/_next/webpack-hmr?id=cTWnNf5wXY915qHFZM9zH' failed: Error in connection establishment: net::ERR_CONNECTION_REFUSED @ http://localhost:3000/_next/static/chunks/node_modules_next_dist_client_0fhqo1d._.js:13299
[ 3470082ms] [ERROR] WebSocket connection to 'ws://localhost:3000/_next/webpack-hmr?id=cTWnNf5wXY915qHFZM9zH' failed: Error in connection establishment: net::ERR_CONNECTION_REFUSED @ http://localhost:3000/_next/static/chunks/node_modules_next_dist_client_0fhqo1d._.js:13299
[ 3475101ms] [ERROR] WebSocket connection to 'ws://localhost:3000/_next/webpack-hmr?id=cTWnNf5wXY915qHFZM9zH' failed: Error in connection establishment: net::ERR_CONNECTION_REFUSED @ http://localhost:3000/_next/static/chunks/node_modules_next_dist_client_0fhqo1d._.js:13299
[ 3480123ms] [ERROR] WebSocket connection to 'ws://localhost:3000/_next/webpack-hmr?id=cTWnNf5wXY915qHFZM9zH' failed: Error in connection establishment: net::ERR_CONNECTION_REFUSED @ http://localhost:3000/_next/static/chunks/node_modules_next_dist_client_0fhqo1d._.js:13299
[ 3485167ms] [ERROR] WebSocket connection to 'ws://localhost:3000/_next/webpack-hmr?id=cTWnNf5wXY915qHFZM9zH' failed: Error in connection establishment: net::ERR_CONNECTION_REFUSED @ http://localhost:3000/_next/static/chunks/node_modules_next_dist_client_0fhqo1d._.js:13299
[ 3490293ms] [ERROR] WebSocket connection to 'ws://localhost:3000/_next/webpack-hmr?id=cTWnNf5wXY915qHFZM9zH' failed: Error in connection establishment: net::ERR_CONNECTION_REFUSED @ http://localhost:3000/_next/static/chunks/node_modules_next_dist_client_0fhqo1d._.js:13299
[ 3495572ms] [ERROR] WebSocket connection to 'ws://localhost:3000/_next/webpack-hmr?id=cTWnNf5wXY915qHFZM9zH' failed: Error in connection establishment: net::ERR_CONNECTION_REFUSED @ http://localhost:3000/_next/static/chunks/node_modules_next_dist_client_0fhqo1d._.js:13299
