[     267ms] [INFO] %cDownload the React DevTools for a better development experience: https://react.dev/link/react-devtools font-weight:bold @ http://localhost:3002/_next/static/chunks/node_modules_next_dist_115brz8._.js:2477
[     353ms] [LOG] [HMR] connected @ http://localhost:3002/_next/static/chunks/node_modules_next_dist_115brz8._.js:2477
[     545ms] Error: Hydration failed because the server rendered text didn't match the client. As a result this tree will be regenerated on the client. This can happen if a SSR-ed Client Component used:

- A server/client branch `if (typeof window !== 'undefined')`.
- Variable input such as `Date.now()` or `Math.random()` which changes each time it's called.
- Date formatting in a user's locale which doesn't match the server.
- External changing data without sending a snapshot of it along with the HTML.
- Invalid HTML tag nesting.

It can also happen if the client has a browser extension installed which messes with the HTML before React loaded.

https://react.dev/link/hydration-mismatch

  ...
    <RedirectBoundary>
      <RedirectErrorBoundary router={{...}}>
        <InnerLayoutRouter url="/patient-r..." tree={[...]} params={{}} cacheNode={{rsc:{...}, ...}} segmentPath={[...]} ...>
          <SegmentViewNode type="page" pagePath="patient-re...">
            <SegmentTrieNode>
            <ClientPageRoot Component={function PatientResources} serverProvidedParams={{...}}>
              <PatientResources params={Promise} searchParams={Promise}>
                <main className="min-h-scre...">
                  <Header>
                  <section>
                  <section>
                  <section>
                  <section>
                  <section>
                  <section>
                  <section>
                  <PatientPracticeLocator>
                    <section id="find-a-pra..." data-theme="light" className="relative o...">
                      <div>
                      <div className="relative z...">
                        <div>
                        <p>
                        <div className="mt-8 grid ...">
                          <div>
                          <div className="order-2 lg...">
                            <div className="sticky top...">
                              <div
+                               className="flex min-h-[420px] items-center justify-center rounded-[26px] bg-[#fffaf2] ..."
-                               className="min-h-[420px] rounded-[26px] bg-[#d8ded8]"
-                               aria-label="Map of approved independent eye care practices"
                              >
+                               Map temporarily unavailable. Practice results are still shown below.
-                               
                  ...
          ...
        ...

    at throwOnHydrationMismatch (http://localhost:3002/_next/static/chunks/node_modules_next_dist_compiled_react-dom_058-ah~._.js:3318:56)
    at prepareToHydrateHostInstance (http://localhost:3002/_next/static/chunks/node_modules_next_dist_compiled_react-dom_058-ah~._.js:3372:23)
    at completeWork (http://localhost:3002/_next/static/chunks/node_modules_next_dist_compiled_react-dom_058-ah~._.js:6922:60)
    at runWithFiberInDEV (http://localhost:3002/_next/static/chunks/node_modules_next_dist_compiled_react-dom_058-ah~._.js:965:74)
    at completeUnitOfWork (http://localhost:3002/_next/static/chunks/node_modules_next_dist_compiled_react-dom_058-ah~._.js:9622:23)
    at performUnitOfWork (http://localhost:3002/_next/static/chunks/node_modules_next_dist_compiled_react-dom_058-ah~._.js:9557:28)
    at workLoopConcurrentByScheduler (http://localhost:3002/_next/static/chunks/node_modules_next_dist_compiled_react-dom_058-ah~._.js:9551:58)
    at renderRootConcurrent (http://localhost:3002/_next/static/chunks/node_modules_next_dist_compiled_react-dom_058-ah~._.js:9534:71)
    at performWorkOnRoot (http://localhost:3002/_next/static/chunks/node_modules_next_dist_compiled_react-dom_058-ah~._.js:9061:150)
    at performWorkOnRootViaSchedulerTask (http://localhost:3002/_next/static/chunks/node_modules_next_dist_compiled_react-dom_058-ah~._.js:10255:9)
    at MessagePort.performWorkUntilDeadline (http://localhost:3002/_next/static/chunks/node_modules_next_dist_compiled_0rpq4pf._.js:2647:64)
[     896ms] [LOG] %c[Vercel Web Analytics]%c Debug mode is enabled by default in development. No requests will be sent to the server. color: rgb(120, 120, 120) color: inherit @ http://localhost:3002/_next/static/chunks/node_modules_next_dist_115brz8._.js:2477
[     897ms] [LOG] %c[Vercel Web Analytics]%c Running queued event color: rgb(120, 120, 120) color: inherit pageview {route: /patient-resources, path: /patient-resources} @ http://localhost:3002/_next/static/chunks/node_modules_next_dist_115brz8._.js:2477
[     897ms] [LOG] %c[Vercel Web Analytics]%c Running queued event color: rgb(120, 120, 120) color: inherit pageview {route: /patient-resources, path: /patient-resources} @ http://localhost:3002/_next/static/chunks/node_modules_next_dist_115brz8._.js:2477
[     897ms] [LOG] %c[Vercel Web Analytics]%c [view] http://localhost:3002/patient-resources color: rgb(120, 120, 120) color: inherit {o: http://localhost:3002/patient-resources, sv: 0.1.3, sdkn: @vercel/analytics/next, sdkv: 2.0.1, ts: 1780670029712} /_vercel/insights/view @ http://localhost:3002/_next/static/chunks/node_modules_next_dist_115brz8._.js:2477
[     897ms] [LOG] %c[Vercel Web Analytics]%c [view] http://localhost:3002/patient-resources color: rgb(120, 120, 120) color: inherit {o: http://localhost:3002/patient-resources, sv: 0.1.3, sdkn: @vercel/analytics/next, sdkv: 2.0.1, ts: 1780670029712} /_vercel/insights/view @ http://localhost:3002/_next/static/chunks/node_modules_next_dist_115brz8._.js:2477
[   24544ms] [ERROR] Failed to load resource: the server responded with a status of 503 (Service Unavailable) @ http://localhost:3002/api/patient-locator/search:0
[  116902ms] [LOG] [Fast Refresh] rebuilding @ http://localhost:3002/_next/static/chunks/node_modules_next_dist_115brz8._.js:2477
[  117221ms] [LOG] [Fast Refresh] done in 210ms @ http://localhost:3002/_next/static/chunks/node_modules_next_dist_115brz8._.js:2477
[  117476ms] TypeError: maps.Map is not a constructor
    at PatientPracticeLocator.useEffect (http://localhost:3002/_next/static/chunks/_0fiw1_q._.js?id=%255Bproject%255D%252Fapp%252Fpatient-resources%252FPatientPracticeLocator.tsx+%255Bapp-client%255D+%2528ecmascript%2529:440:42)
    at Object.react_stack_bottom_frame (http://localhost:3002/_next/static/chunks/node_modules_next_dist_compiled_react-dom_058-ah~._.js:15087:22)
    at runWithFiberInDEV (http://localhost:3002/_next/static/chunks/node_modules_next_dist_compiled_react-dom_058-ah~._.js:965:74)
    at commitHookEffectListMount (http://localhost:3002/_next/static/chunks/node_modules_next_dist_compiled_react-dom_058-ah~._.js:7255:167)
    at commitHookPassiveMountEffects (http://localhost:3002/_next/static/chunks/node_modules_next_dist_compiled_react-dom_058-ah~._.js:7290:60)
    at commitPassiveMountOnFiber (http://localhost:3002/_next/static/chunks/node_modules_next_dist_compiled_react-dom_058-ah~._.js:8689:33)
    at recursivelyTraversePassiveMountEffects (http://localhost:3002/_next/static/chunks/node_modules_next_dist_compiled_react-dom_058-ah~._.js:8676:316)
    at commitPassiveMountOnFiber (http://localhost:3002/_next/static/chunks/node_modules_next_dist_compiled_react-dom_058-ah~._.js:8750:17)
    at recursivelyTraversePassiveMountEffects (http://localhost:3002/_next/static/chunks/node_modules_next_dist_compiled_react-dom_058-ah~._.js:8676:316)
    at commitPassiveMountOnFiber (http://localhost:3002/_next/static/chunks/node_modules_next_dist_compiled_react-dom_058-ah~._.js:8688:17)
    at recursivelyTraversePassiveMountEffects (http://localhost:3002/_next/static/chunks/node_modules_next_dist_compiled_react-dom_058-ah~._.js:8676:316)
    at commitPassiveMountOnFiber (http://localhost:3002/_next/static/chunks/node_modules_next_dist_compiled_react-dom_058-ah~._.js:8688:17)
    at recursivelyTraversePassiveMountEffects (http://localhost:3002/_next/static/chunks/node_modules_next_dist_compiled_react-dom_058-ah~._.js:8676:316)
    at commitPassiveMountOnFiber (http://localhost:3002/_next/static/chunks/node_modules_next_dist_compiled_react-dom_058-ah~._.js:8688:17)
    at recursivelyTraversePassiveMountEffects (http://localhost:3002/_next/static/chunks/node_modules_next_dist_compiled_react-dom_058-ah~._.js:8676:316)
    at commitPassiveMountOnFiber (http://localhost:3002/_next/static/chunks/node_modules_next_dist_compiled_react-dom_058-ah~._.js:8750:17)
    at recursivelyTraversePassiveMountEffects (http://localhost:3002/_next/static/chunks/node_modules_next_dist_compiled_react-dom_058-ah~._.js:8676:316)
    at commitPassiveMountOnFiber (http://localhost:3002/_next/static/chunks/node_modules_next_dist_compiled_react-dom_058-ah~._.js:8750:17)
    at recursivelyTraversePassiveMountEffects (http://localhost:3002/_next/static/chunks/node_modules_next_dist_compiled_react-dom_058-ah~._.js:8676:316)
    at commitPassiveMountOnFiber (http://localhost:3002/_next/static/chunks/node_modules_next_dist_compiled_react-dom_058-ah~._.js:8688:17)
    at recursivelyTraversePassiveMountEffects (http://localhost:3002/_next/static/chunks/node_modules_next_dist_compiled_react-dom_058-ah~._.js:8676:316)
    at commitPassiveMountOnFiber (http://localhost:3002/_next/static/chunks/node_modules_next_dist_compiled_react-dom_058-ah~._.js:8693:17)
    at recursivelyTraversePassiveMountEffects (http://localhost:3002/_next/static/chunks/node_modules_next_dist_compiled_react-dom_058-ah~._.js:8676:316)
    at commitPassiveMountOnFiber (http://localhost:3002/_next/static/chunks/node_modules_next_dist_compiled_react-dom_058-ah~._.js:8688:17)
    at recursivelyTraversePassiveMountEffects (http://localhost:3002/_next/static/chunks/node_modules_next_dist_compiled_react-dom_058-ah~._.js:8676:316)
    at commitPassiveMountOnFiber (http://localhost:3002/_next/static/chunks/node_modules_next_dist_compiled_react-dom_058-ah~._.js:8688:17)
    at recursivelyTraversePassiveMountEffects (http://localhost:3002/_next/static/chunks/node_modules_next_dist_compiled_react-dom_058-ah~._.js:8676:316)
    at commitPassiveMountOnFiber (http://localhost:3002/_next/static/chunks/node_modules_next_dist_compiled_react-dom_058-ah~._.js:8688:17)
    at recursivelyTraversePassiveMountEffects (http://localhost:3002/_next/static/chunks/node_modules_next_dist_compiled_react-dom_058-ah~._.js:8676:316)
    at commitPassiveMountOnFiber (http://localhost:3002/_next/static/chunks/node_modules_next_dist_compiled_react-dom_058-ah~._.js:8688:17)
    at recursivelyTraversePassiveMountEffects (http://localhost:3002/_next/static/chunks/node_modules_next_dist_compiled_react-dom_058-ah~._.js:8676:316)
    at commitPassiveMountOnFiber (http://localhost:3002/_next/static/chunks/node_modules_next_dist_compiled_react-dom_058-ah~._.js:8693:17)
    at recursivelyTraversePassiveMountEffects (http://localhost:3002/_next/static/chunks/node_modules_next_dist_compiled_react-dom_058-ah~._.js:8676:316)
    at commitPassiveMountOnFiber (http://localhost:3002/_next/static/chunks/node_modules_next_dist_compiled_react-dom_058-ah~._.js:8688:17)
    at recursivelyTraversePassiveMountEffects (http://localhost:3002/_next/static/chunks/node_modules_next_dist_compiled_react-dom_058-ah~._.js:8676:316)
    at commitPassiveMountOnFiber (http://localhost:3002/_next/static/chunks/node_modules_next_dist_compiled_react-dom_058-ah~._.js:8688:17)
    at recursivelyTraversePassiveMountEffects (http://localhost:3002/_next/static/chunks/node_modules_next_dist_compiled_react-dom_058-ah~._.js:8676:316)
    at commitPassiveMountOnFiber (http://localhost:3002/_next/static/chunks/node_modules_next_dist_compiled_react-dom_058-ah~._.js:8750:17)
    at recursivelyTraversePassiveMountEffects (http://localhost:3002/_next/static/chunks/node_modules_next_dist_compiled_react-dom_058-ah~._.js:8676:316)
    at commitPassiveMountOnFiber (http://localhost:3002/_next/static/chunks/node_modules_next_dist_compiled_react-dom_058-ah~._.js:8750:17)
    at recursivelyTraversePassiveMountEffects (http://localhost:3002/_next/static/chunks/node_modules_next_dist_compiled_react-dom_058-ah~._.js:8676:316)
    at commitPassiveMountOnFiber (http://localhost:3002/_next/static/chunks/node_modules_next_dist_compiled_react-dom_058-ah~._.js:8688:17)
    at recursivelyTraversePassiveMountEffects (http://localhost:3002/_next/static/chunks/node_modules_next_dist_compiled_react-dom_058-ah~._.js:8676:316)
    at commitPassiveMountOnFiber (http://localhost:3002/_next/static/chunks/node_modules_next_dist_compiled_react-dom_058-ah~._.js:8688:17)
    at recursivelyTraversePassiveMountEffects (http://localhost:3002/_next/static/chunks/node_modules_next_dist_compiled_react-dom_058-ah~._.js:8676:316)
    at commitPassiveMountOnFiber (http://localhost:3002/_next/static/chunks/node_modules_next_dist_compiled_react-dom_058-ah~._.js:8750:17)
    at recursivelyTraversePassiveMountEffects (http://localhost:3002/_next/static/chunks/node_modules_next_dist_compiled_react-dom_058-ah~._.js:8676:316)
    at commitPassiveMountOnFiber (http://localhost:3002/_next/static/chunks/node_modules_next_dist_compiled_react-dom_058-ah~._.js:8750:17)
    at recursivelyTraversePassiveMountEffects (http://localhost:3002/_next/static/chunks/node_modules_next_dist_compiled_react-dom_058-ah~._.js:8676:316)
    at commitPassiveMountOnFiber (http://localhost:3002/_next/static/chunks/node_modules_next_dist_compiled_react-dom_058-ah~._.js:8750:17)
[  171304ms] [LOG] [Fast Refresh] rebuilding @ http://localhost:3002/_next/static/chunks/node_modules_next_dist_115brz8._.js:2477
[  171596ms] [LOG] [Fast Refresh] done in 400ms @ http://localhost:3002/_next/static/chunks/node_modules_next_dist_115brz8._.js:2477
[  171698ms] [LOG] [Fast Refresh] rebuilding @ http://localhost:3002/_next/static/chunks/node_modules_next_dist_115brz8._.js:2477
[  171816ms] [LOG] [Fast Refresh] done in 219ms @ http://localhost:3002/_next/static/chunks/node_modules_next_dist_115brz8._.js:2477
[  178979ms] [LOG] [Fast Refresh] rebuilding @ http://localhost:3002/_next/static/chunks/node_modules_next_dist_115brz8._.js:2477
[  179556ms] [LOG] [Fast Refresh] done in 680ms @ http://localhost:3002/_next/static/chunks/node_modules_next_dist_115brz8._.js:2477
[  179658ms] [LOG] [Fast Refresh] rebuilding @ http://localhost:3002/_next/static/chunks/node_modules_next_dist_115brz8._.js:2477
[  179739ms] [LOG] [Fast Refresh] done in 183ms @ http://localhost:3002/_next/static/chunks/node_modules_next_dist_115brz8._.js:2477
[  238148ms] [INFO] %cDownload the React DevTools for a better development experience: https://react.dev/link/react-devtools font-weight:bold @ http://localhost:3002/_next/static/chunks/node_modules_next_dist_115brz8._.js:2477
[  238198ms] [LOG] [HMR] connected @ http://localhost:3002/_next/static/chunks/node_modules_next_dist_115brz8._.js:2477
[  238427ms] [LOG] %c[Vercel Web Analytics]%c Debug mode is enabled by default in development. No requests will be sent to the server. color: rgb(120, 120, 120) color: inherit @ http://localhost:3002/_next/static/chunks/node_modules_next_dist_115brz8._.js:2477
[  238427ms] [LOG] %c[Vercel Web Analytics]%c Running queued event color: rgb(120, 120, 120) color: inherit pageview {route: /patient-resources, path: /patient-resources} @ http://localhost:3002/_next/static/chunks/node_modules_next_dist_115brz8._.js:2477
[  238428ms] [LOG] %c[Vercel Web Analytics]%c [view] http://localhost:3002/patient-resources color: rgb(120, 120, 120) color: inherit {o: http://localhost:3002/patient-resources, sv: 0.1.3, sdkn: @vercel/analytics/next, sdkv: 2.0.1, ts: 1780670267244} /_vercel/insights/view @ http://localhost:3002/_next/static/chunks/node_modules_next_dist_115brz8._.js:2477
[  241431ms] [WARNING] The resource http://localhost:3002/aln-white-logo.png was preloaded using link preload but not used within a few seconds from the window's load event. Please make sure it has an appropriate `as` value and it is preloaded intentionally. @ http://localhost:3002/patient-resources:0
[  241431ms] [WARNING] The resource http://localhost:3002/ladybackground.jpeg was preloaded using link preload but not used within a few seconds from the window's load event. Please make sure it has an appropriate `as` value and it is preloaded intentionally. @ http://localhost:3002/patient-resources:0
[  261965ms] [LOG] [Fast Refresh] rebuilding @ http://localhost:3002/_next/static/chunks/node_modules_next_dist_115brz8._.js:2477
[  262010ms] [LOG] [Fast Refresh] done in 147ms @ http://localhost:3002/_next/static/chunks/node_modules_next_dist_115brz8._.js:2477
[  263082ms] [WARNING] The resource http://localhost:3002/aln-white-logo.png was preloaded using link preload but not used within a few seconds from the window's load event. Please make sure it has an appropriate `as` value and it is preloaded intentionally. @ http://localhost:3002/patient-resources:0
[  263083ms] [WARNING] The resource http://localhost:3002/ladybackground.jpeg was preloaded using link preload but not used within a few seconds from the window's load event. Please make sure it has an appropriate `as` value and it is preloaded intentionally. @ http://localhost:3002/patient-resources:0
[  293428ms] [LOG] [Fast Refresh] rebuilding @ http://localhost:3002/_next/static/chunks/node_modules_next_dist_115brz8._.js:2477
[  293472ms] [LOG] [Fast Refresh] done in 146ms @ http://localhost:3002/_next/static/chunks/node_modules_next_dist_115brz8._.js:2477
[  313491ms] [LOG] [Fast Refresh] rebuilding @ http://localhost:3002/_next/static/chunks/node_modules_next_dist_115brz8._.js:2477
[  313560ms] [LOG] [Fast Refresh] done in 172ms @ http://localhost:3002/_next/static/chunks/node_modules_next_dist_115brz8._.js:2477
[  316909ms] [LOG] [Fast Refresh] rebuilding @ http://localhost:3002/_next/static/chunks/node_modules_next_dist_115brz8._.js:2477
[  316941ms] [LOG] [Fast Refresh] done in 134ms @ http://localhost:3002/_next/static/chunks/node_modules_next_dist_115brz8._.js:2477
[  318039ms] [WARNING] The resource http://localhost:3002/aln-white-logo.png was preloaded using link preload but not used within a few seconds from the window's load event. Please make sure it has an appropriate `as` value and it is preloaded intentionally. @ http://localhost:3002/patient-resources:0
[  318039ms] [WARNING] The resource http://localhost:3002/ladybackground.jpeg was preloaded using link preload but not used within a few seconds from the window's load event. Please make sure it has an appropriate `as` value and it is preloaded intentionally. @ http://localhost:3002/patient-resources:0
[  342079ms] [LOG] [Fast Refresh] rebuilding @ http://localhost:3002/_next/static/chunks/node_modules_next_dist_115brz8._.js:2477
[  342180ms] [LOG] [Fast Refresh] done in 204ms @ http://localhost:3002/_next/static/chunks/node_modules_next_dist_115brz8._.js:2477
[  345432ms] [LOG] [Fast Refresh] rebuilding @ http://localhost:3002/_next/static/chunks/node_modules_next_dist_115brz8._.js:2477
[  345432ms] [LOG] [Fast Refresh] done in 102ms @ http://localhost:3002/_next/static/chunks/node_modules_next_dist_115brz8._.js:2477
[  346461ms] [WARNING] The resource http://localhost:3002/aln-white-logo.png was preloaded using link preload but not used within a few seconds from the window's load event. Please make sure it has an appropriate `as` value and it is preloaded intentionally. @ http://localhost:3002/patient-resources:0
[  346461ms] [WARNING] The resource http://localhost:3002/ladybackground.jpeg was preloaded using link preload but not used within a few seconds from the window's load event. Please make sure it has an appropriate `as` value and it is preloaded intentionally. @ http://localhost:3002/patient-resources:0
[  371679ms] [LOG] [Fast Refresh] rebuilding @ http://localhost:3002/_next/static/chunks/node_modules_next_dist_115brz8._.js:2477
[  371737ms] [LOG] [Fast Refresh] done in 161ms @ http://localhost:3002/_next/static/chunks/node_modules_next_dist_115brz8._.js:2477
[  373327ms] [LOG] [Fast Refresh] rebuilding @ http://localhost:3002/_next/static/chunks/node_modules_next_dist_115brz8._.js:2477
[  373327ms] [LOG] [Fast Refresh] done in 101ms @ http://localhost:3002/_next/static/chunks/node_modules_next_dist_115brz8._.js:2477
