[     392ms] [INFO] %cDownload the React DevTools for a better development experience: https://react.dev/link/react-devtools font-weight:bold @ http://localhost:3002/_next/static/chunks/node_modules_next_dist_115brz8._.js:2477
[     480ms] [LOG] [HMR] connected @ http://localhost:3002/_next/static/chunks/node_modules_next_dist_115brz8._.js:2477
[     540ms] [ERROR] Encountered two children with the same key, `%s`. Keys should be unique so that components maintain their identity across updates. Non-unique keys may cause children to be duplicated and/or omitted — the behavior is unsupported and could change in a future version. eca-pdx-2930-ne-west-devils-lake-rd-lincoln-city-or-97367 @ http://localhost:3002/_next/static/chunks/node_modules_next_dist_115brz8._.js:3318
[    1204ms] [LOG] %c[Vercel Web Analytics]%c Debug mode is enabled by default in development. No requests will be sent to the server. color: rgb(120, 120, 120) color: inherit @ http://localhost:3002/_next/static/chunks/node_modules_next_dist_115brz8._.js:2477
[    1205ms] [LOG] %c[Vercel Web Analytics]%c Running queued event color: rgb(120, 120, 120) color: inherit pageview {route: /patient-resources, path: /patient-resources} @ http://localhost:3002/_next/static/chunks/node_modules_next_dist_115brz8._.js:2477
[    1206ms] [LOG] %c[Vercel Web Analytics]%c [view] http://localhost:3002/patient-resources color: rgb(120, 120, 120) color: inherit {o: http://localhost:3002/patient-resources, sv: 0.1.3, sdkn: @vercel/analytics/next, sdkv: 2.0.1, ts: 1780669782890} /_vercel/insights/view @ http://localhost:3002/_next/static/chunks/node_modules_next_dist_115brz8._.js:2477
[   20329ms] [ERROR] Encountered two children with the same key, `%s`. Keys should be unique so that components maintain their identity across updates. Non-unique keys may cause children to be duplicated and/or omitted — the behavior is unsupported and could change in a future version. eca-pdx-2930-ne-west-devils-lake-rd-lincoln-city-or-97367 @ http://localhost:3002/_next/static/chunks/node_modules_next_dist_115brz8._.js:3318
[   21540ms] [ERROR] Encountered two children with the same key, `%s`. Keys should be unique so that components maintain their identity across updates. Non-unique keys may cause children to be duplicated and/or omitted — the behavior is unsupported and could change in a future version. eca-pdx-2930-ne-west-devils-lake-rd-lincoln-city-or-97367 @ http://localhost:3002/_next/static/chunks/node_modules_next_dist_115brz8._.js:3318
[   21603ms] [ERROR] Failed to load resource: the server responded with a status of 503 (Service Unavailable) @ http://localhost:3002/api/patient-locator/search:0
[   21608ms] [ERROR] Encountered two children with the same key, `%s`. Keys should be unique so that components maintain their identity across updates. Non-unique keys may cause children to be duplicated and/or omitted — the behavior is unsupported and could change in a future version. eca-pdx-2930-ne-west-devils-lake-rd-lincoln-city-or-97367 @ http://localhost:3002/_next/static/chunks/node_modules_next_dist_115brz8._.js:3318
[   23878ms] [LOG] [Fast Refresh] rebuilding @ http://localhost:3002/_next/static/chunks/node_modules_next_dist_115brz8._.js:2477
[   24034ms] [LOG] [Fast Refresh] done in 258ms @ http://localhost:3002/_next/static/chunks/node_modules_next_dist_115brz8._.js:2477
[   70253ms] [LOG] [Fast Refresh] rebuilding @ http://localhost:3002/_next/static/chunks/node_modules_next_dist_115brz8._.js:2477
[   70368ms] [ERROR] Encountered two children with the same key, `%s`. Keys should be unique so that components maintain their identity across updates. Non-unique keys may cause children to be duplicated and/or omitted — the behavior is unsupported and could change in a future version. eca-pdx-2930-ne-west-devils-lake-rd-lincoln-city-or-97367 @ http://localhost:3002/_next/static/chunks/node_modules_next_dist_115brz8._.js:3318
[   70420ms] [LOG] [Fast Refresh] done in 207ms @ http://localhost:3002/_next/static/chunks/node_modules_next_dist_115brz8._.js:2477
[  174646ms] [ERROR] WebSocket connection to 'ws://localhost:3002/_next/webpack-hmr?id=JKBDmLmL6xH09qg_p67Tf' failed: Error in connection establishment: net::ERR_CONNECTION_REFUSED @ http://localhost:3002/_next/static/chunks/node_modules_next_dist_client_0fhqo1d._.js:13322
[  175648ms] [ERROR] WebSocket connection to 'ws://localhost:3002/_next/webpack-hmr?id=JKBDmLmL6xH09qg_p67Tf' failed: Error in connection establishment: net::ERR_CONNECTION_REFUSED @ http://localhost:3002/_next/static/chunks/node_modules_next_dist_client_0fhqo1d._.js:13322
[  177042ms] [LOG] [HMR] connected @ http://localhost:3002/_next/static/chunks/node_modules_next_dist_115brz8._.js:2477
[  178923ms] [INFO] %cDownload the React DevTools for a better development experience: https://react.dev/link/react-devtools font-weight:bold @ http://localhost:3002/_next/static/chunks/node_modules_next_dist_115brz8._.js:2477
[  179003ms] [LOG] [HMR] connected @ http://localhost:3002/_next/static/chunks/node_modules_next_dist_115brz8._.js:2477
[  179036ms] [ERROR] Encountered two children with the same key, `%s`. Keys should be unique so that components maintain their identity across updates. Non-unique keys may cause children to be duplicated and/or omitted — the behavior is unsupported and could change in a future version. eca-pdx-2930-ne-west-devils-lake-rd-lincoln-city-or-97367 @ http://localhost:3002/_next/static/chunks/node_modules_next_dist_115brz8._.js:3318
[  179105ms] [LOG] %c[Vercel Web Analytics]%c Debug mode is enabled by default in development. No requests will be sent to the server. color: rgb(120, 120, 120) color: inherit @ http://localhost:3002/_next/static/chunks/node_modules_next_dist_115brz8._.js:2477
[  179105ms] [LOG] %c[Vercel Web Analytics]%c Running queued event color: rgb(120, 120, 120) color: inherit pageview {route: /patient-resources, path: /patient-resources} @ http://localhost:3002/_next/static/chunks/node_modules_next_dist_115brz8._.js:2477
[  179107ms] [LOG] %c[Vercel Web Analytics]%c [view] http://localhost:3002/patient-resources color: rgb(120, 120, 120) color: inherit {o: http://localhost:3002/patient-resources, sv: 0.1.3, sdkn: @vercel/analytics/next, sdkv: 2.0.1, ts: 1780669960791} /_vercel/insights/view @ http://localhost:3002/_next/static/chunks/node_modules_next_dist_115brz8._.js:2477
[  179583ms] [WARNING] Google Maps JavaScript API has been loaded directly without loading=async. This can result in suboptimal performance. For best-practice loading patterns please see https://goo.gle/js-api-loading @ http://localhost:3002/_next/static/chunks/node_modules_next_dist_115brz8._.js:2477
[  179602ms] [ERROR] Encountered two children with the same key, `%s`. Keys should be unique so that components maintain their identity across updates. Non-unique keys may cause children to be duplicated and/or omitted — the behavior is unsupported and could change in a future version. eca-pdx-2930-ne-west-devils-lake-rd-lincoln-city-or-97367 @ http://localhost:3002/_next/static/chunks/node_modules_next_dist_115brz8._.js:3318
[  179636ms] [WARNING] As of March 1st, 2025, google.maps.places.Autocomplete is not available to new customers. Please use google.maps.places.PlaceAutocompleteElement instead. At this time, google.maps.places.Autocomplete is not scheduled to be discontinued, but google.maps.places.PlaceAutocompleteElement is recommended over google.maps.places.Autocomplete. While google.maps.places.Autocomplete will continue to receive bug fixes for any major regressions, existing bugs in google.maps.places.Autocomplete will not be addressed. At least 12 months notice will be given before support is discontinued. Please see https://developers.google.com/maps/legacy for additional details and https://developers.google.com/maps/documentation/javascript/places-migration-overview for the migration guide. @ http://localhost:3002/_next/static/chunks/node_modules_next_dist_115brz8._.js:2477
[  179886ms] [ERROR] Google Maps JavaScript API error: RefererNotAllowedMapError
https://developers.google.com/maps/documentation/javascript/error-messages#referer-not-allowed-map-error
Your site URL to be authorized: http://localhost:3002/patient-resources @ http://localhost:3002/_next/static/chunks/node_modules_next_dist_115brz8._.js:3318
[  228153ms] [LOG] [Fast Refresh] rebuilding @ http://localhost:3002/_next/static/chunks/node_modules_next_dist_115brz8._.js:2477
[  228880ms] [ERROR] Encountered two children with the same key, `%s`. Keys should be unique so that components maintain their identity across updates. Non-unique keys may cause children to be duplicated and/or omitted — the behavior is unsupported and could change in a future version. eca-pdx-2930-ne-west-devils-lake-rd-lincoln-city-or-97367 @ http://localhost:3002/_next/static/chunks/node_modules_next_dist_115brz8._.js:3318
[  228917ms] [LOG] [Fast Refresh] done in 821ms @ http://localhost:3002/_next/static/chunks/node_modules_next_dist_115brz8._.js:2477
[  244346ms] [LOG] [Fast Refresh] rebuilding @ http://localhost:3002/_next/static/chunks/node_modules_next_dist_115brz8._.js:2477
[  244478ms] [ERROR] Encountered two children with the same key, `%s`. Keys should be unique so that components maintain their identity across updates. Non-unique keys may cause children to be duplicated and/or omitted — the behavior is unsupported and could change in a future version. eca-pdx-2930-ne-west-devils-lake-rd-lincoln-city-or-97367 @ http://localhost:3002/_next/static/chunks/node_modules_next_dist_115brz8._.js:3318
[  244513ms] [LOG] [Fast Refresh] done in 145ms @ http://localhost:3002/_next/static/chunks/node_modules_next_dist_115brz8._.js:2477
[  244534ms] [ERROR] Encountered two children with the same key, `%s`. Keys should be unique so that components maintain their identity across updates. Non-unique keys may cause children to be duplicated and/or omitted — the behavior is unsupported and could change in a future version. eca-pdx-2930-ne-west-devils-lake-rd-lincoln-city-or-97367 @ http://localhost:3002/_next/static/chunks/node_modules_next_dist_115brz8._.js:3318
